// Jest Snapshot v1, https://goo.gl/fbAQLP

exports[`renders homepage unchanged 1`] = `
<div>
  <div
    class="font-display mt-12 mb-2 text-3xl md:text-4xl font-medium text-center text-gray-700 dark:text-gray-200"
  >
    <h1>
       
      Qogita's Collection
       
    </h1>
  </div>
  <div
    class="grid grid-cols-1 gap-y-10 sm:grid-cols-2 gap-x-6 lg:grid-cols-3 xl:grid-cols-4 xl:gap-x-8 p-6 sm:px-20 lg:px-20 px-6 dark:bg-gray-900"
  />
  <div
    class="flex items-center justify-center py-10 lg:px-0 sm:px-6 px-4 dark:bg-gray-900"
  >
    <div
      class="lg:w-3/5 w-full flex items-center justify-between border-t border-gray-200"
    >
      <div
        class="text-gray-300 cursor-default flex items-center pt-3"
        role="button"
      >
        <svg
          fill="none"
          height="8"
          viewBox="0 0 14 8"
          width="14"
          xmlns="http://www.w3.org/2000/svg"
        >
          <path
            d="M1.1665 4H12.8332"
            stroke="currentColor"
            stroke-linecap="round"
            stroke-linejoin="round"
            stroke-width="1.25"
          />
          <path
            d="M1.1665 4L4.49984 7.33333"
            stroke="currentColor"
            stroke-linecap="round"
            stroke-linejoin="round"
            stroke-width="1.25"
          />
          <path
            d="M1.1665 4.00002L4.49984 0.666687"
            stroke="currentColor"
            stroke-linecap="round"
            stroke-linejoin="round"
            stroke-width="1.25"
          />
        </svg>
        <p
          class="text-sm ml-3 font-medium leading-none "
        >
          Previous
        </p>
      </div>
      <div
        class="sm:flex hidden"
      >
        <p
          class="text-sm font-medium leading-none cursor-pointer text-indigo-700 border-t border-indigo-400 pt-3 mr-4 px-2"
        >
          1
        </p>
        <p
          class="text-sm font-medium leading-none cursor-pointer text-gray-600 hover:text-indigo-700 border-t border-transparent hover:border-indigo-400 pt-3 mr-4 px-2"
        >
          2
        </p>
        <p
          class="text-sm font-medium leading-none cursor-pointer text-gray-600 hover:text-indigo-700 border-t border-transparent hover:border-indigo-400 pt-3 mr-4 px-2"
        >
          3
        </p>
        <p
          class="text-sm font-medium leading-none cursor-pointer text-gray-600 hover:text-indigo-700 border-t border-transparent hover:border-indigo-400 pt-3 mr-4 px-2"
        >
          4
        </p>
        <p
          class="text-sm font-medium leading-none cursor-pointer text-gray-600 hover:text-indigo-700 border-t border-transparent hover:border-indigo-400 pt-3 mr-4 px-2"
        >
          5
        </p>
      </div>
      <div
        class="text-gray-600 hover:text-indigo-700 cursor-pointer flex items-center pt-3"
        role="button"
      >
        <p
          class="text-sm font-medium leading-none mr-3"
        >
          Next
        </p>
        <svg
          fill="none"
          height="8"
          viewBox="0 0 14 8"
          width="14"
          xmlns="http://www.w3.org/2000/svg"
        >
          <path
            d="M1.1665 4H12.8332"
            stroke="currentColor"
            stroke-linecap="round"
            stroke-linejoin="round"
            stroke-width="1.25"
          />
          <path
            d="M9.5 7.33333L12.8333 4"
            stroke="currentColor"
            stroke-linecap="round"
            stroke-linejoin="round"
            stroke-width="1.25"
          />
          <path
            d="M9.5 0.666687L12.8333 4.00002"
            stroke="currentColor"
            stroke-linecap="round"
            stroke-linejoin="round"
            stroke-width="1.25"
          />
        </svg>
      </div>
    </div>
  </div>
</div>
`;
